// Jest Snapshot v1, https://goo.gl/fbAQLP

exports[`App renders correctly 1`] = `
<div>
  <div
    class="rs-container show-container"
  >
    <div
      class="rs-header"
    >
      <div
        class="rs-navbar rs-navbar-inverse"
        role="navigation"
      >
        <div
          class="rs-navbar-header"
        >
          <img
            alt="vulnerable app logo"
            height="55"
            src="Logo.png"
            width="55"
          />
        </div>
        <div
          class="rs-navbar-body"
        >
          <div
            class="rs-nav rs-nav-default rs-navbar-nav rs-nav-horizontal"
          >
            <ul>
              <li
                class="rs-nav-item"
              >
                <a
                  class="rs-nav-item-content"
                  role="button"
                  tabindex="0"
                >
                  <b>
                    Owasp VulnerableApp-Facade
                  </b>
                  <span
                    class="rs-ripple-pond"
                  >
                    <span
                      class="rs-ripple"
                    />
                  </span>
                </a>
              </li>
            </ul>
          </div>
          <div
            class="rs-nav rs-nav-default rs-navbar-nav rs-navbar-right rs-nav-horizontal"
          >
            <ul>
              <li
                class="rs-nav-item"
              >
                <a
                  class="rs-nav-item-content"
                  role="button"
                  tabindex="0"
                >
                  <i
                    class="rs-icon rs-icon-home"
                    role="img"
                  />
                  Home
                  <span
                    class="rs-ripple-pond"
                  >
                    <span
                      class="rs-ripple"
                    />
                  </span>
                </a>
              </li>
              <li
                class="rs-nav-item"
              >
                <a
                  class="rs-nav-item-content"
                  role="button"
                  tabindex="0"
                >
                  About Us
                  <span
                    class="rs-ripple-pond"
                  >
                    <span
                      class="rs-ripple"
                    />
                  </span>
                </a>
              </li>
              <a
                href="https://github.com/SasanLabs/VulnerableApp-facade"
              >
                <li
                  class="rs-nav-item"
                >
                  <a
                    class="rs-nav-item-content"
                    role="button"
                    tabindex="0"
                  >
                    <i
                      class="rs-icon rs-icon-github"
                      role="img"
                    />
                    Github
                    <span
                      class="rs-ripple-pond"
                    >
                      <span
                        class="rs-ripple"
                      />
                    </span>
                  </a>
                </li>
              </a>
              <li
                class="rs-dropdown rs-dropdown-placement-bottom-start"
                role="menu"
              >
                <ul
                  class="rs-dropdown-menu"
                  role="menu"
                >
                  <a
                    href="https://github.com/SasanLabs/VulnerableApp"
                  >
                    <li
                      class="rs-dropdown-item rs-dropdown-item-with-icon"
                    >
                      <a
                        class="rs-dropdown-item-content"
                        tabindex="-1"
                      >
                        <i
                          class="rs-dropdown-item-menu-icon rs-icon rs-icon-github"
                          role="img"
                        />
                        Owasp VulnerableApp
                      </a>
                    </li>
                  </a>
                  <a
                    href="https://github.com/SasanLabs/owasp-zap-jwt-addon"
                  >
                     
                    <li
                      class="rs-dropdown-item rs-dropdown-item-with-icon"
                    >
                      <a
                        class="rs-dropdown-item-content"
                        tabindex="-1"
                      >
                        <i
                          class="rs-dropdown-item-menu-icon rs-icon rs-icon-github"
                          role="img"
                        />
                        ZAP JWT Addon
                      </a>
                    </li>
                  </a>
                  <a
                    href="https://github.com/SasanLabs/owasp-zap-fileupload-addon"
                  >
                    <li
                      class="rs-dropdown-item rs-dropdown-item-with-icon"
                    >
                      <a
                        class="rs-dropdown-item-content"
                        tabindex="-1"
                      >
                        <i
                          class="rs-dropdown-item-menu-icon rs-icon rs-icon-github"
                          role="img"
                        />
                        ZAP FileUpload Addon
                      </a>
                    </li>
                  </a>
                </ul>
                <a
                  class="rs-btn rs-btn-subtle rs-dropdown-toggle"
                  tabindex="0"
                >
                  Projects by SasanLabs
                  <span
                    class="rs-dropdown-toggle-caret"
                  />
                  <span
                    class="rs-ripple-pond"
                  >
                    <span
                      class="rs-ripple"
                    />
                  </span>
                </a>
              </li>
            </ul>
          </div>
        </div>
      </div>
    </div>
    <div
      class="rs-container show-container rs-container-has-sidebar"
      style="display: flex; width: 100vw;"
    >
      <div
        class="rs-sidebar"
        style="flex: 0 0 260px; width: 260px;"
      >
        <div />
      </div>
      <div
        class="VulnerableApp-Facade-Info"
      >
        <div>
          <div
            class="rs-panel-group"
          >
            <div
              data-testid="HOME_PAGE_MAIN_CONTAINER"
            >
              <div
                class="VulnerableApp-Facade-HomePage-Content-Header rs-panel rs-panel-default"
              >
                <div
                  class="rs-panel-heading"
                  role="rowheader"
                  tabindex="-1"
                >
                  Welcome to Owasp VulnerableApp-Facade
                </div>
                <div
                  class="rs-panel-body"
                >
                  <div
                    class="VulnerableApp-Facade-HomePage-Content"
                    data-testid="HOME_PAGE_CONTENT_CONTAINER"
                  >
                    As we are seeing a lot of technological enhancements in the industry from past few years, these technical enhancements are solving one or the other problem however, with that they also bring few different vulnerabilities. Vulnerable Applications are generally written in one of the techstacks like either Node.js or Java with a SQL or NoSQL database etc and hence they are not able to expand to a whole new set of vulnerabilities which are present in other technologies. Also adding more vulnerabilities in a single vulnerable application makes it heavier and complex which finally makes it unmaintainable. So VulnerableApp-facade is built to solve this problem by building a distributed farm of Vulnerable Applications such that they can be built agnostic to tech stacks.
                    <p>
                      Following is the design diagram of Owasp VulnerableApp-Facade:
                    </p>
                    <img
                      alt="Unable to lead the design diagram"
                      src="/images/VulnerableApp-facade.jpeg"
                      width="80%"
                    />
                    <p>
                      Here VulnerableApp-Facade is running as a gateway or a proxy which is routing calls to actual Vulnerable Applications based on a criteria defined in the nginx configuration.
                    </p>
                  </div>
                </div>
              </div>
              <div
                class="VulnerableApp-Facade-HomePage-Content-Header rs-panel rs-panel-default"
                data-testid="HOME_PAGE_WARNING_CONTAINER"
              >
                <div
                  class="rs-panel-heading"
                  role="rowheader"
                  tabindex="-1"
                >
                  Warning
                </div>
                <div
                  class="rs-panel-body"
                >
                  <div
                    class="VulnerableApp-Facade-HomePage-Content"
                  >
                    As VulnerableApp-Facade is a proxy wrapper over the actual Vulnerable Applications which can be very dangerous if exposed over the public internet. So we suggest you to please run it in local dev environments or environments without any public internet access.
                  </div>
                </div>
              </div>
            </div>
          </div>
        </div>
      </div>
    </div>
    <footer
      class="rs-footer"
    >
      <div
        class="rs-navbar rs-navbar-default"
        role="navigation"
      >
        <div
          class="rs-navbar-body"
          style="text-align: center; height: 30px; font-size: 15px;"
        >
          <div
            data-testid="FOOTER_COPYRIGHT_TEXT"
          >
            © Copyright 
            2022
            , SasanLabs
          </div>
        </div>
      </div>
    </footer>
  </div>
</div>
`;
